fig2: 108 runs  (panels=['micro', 'dc', 'ai'])
[1/108] ok                   micro/perm_s4194304/ops  1024 flows, 25.9s  [tor-ecn-reenabled]
[2/108] ok                   micro/perm_s4194304/reps_b1  1024 flows, 26.4s  [tor-ecn-reenabled]
[3/108] ok                   micro/perm_s4194304/reps_b2  1024 flows, 26.5s  [tor-ecn-reenabled]
[4/108] ok                   micro/perm_s4194304/reps_b4  1024 flows, 43.0s  [tor-ecn-reenabled]
[5/108] ok                   micro/perm_s4194304/reps_b8  1024 flows, 33.3s  [tor-ecn-reenabled]
[6/108] ok                   micro/perm_s4194304/reps_b16  1024 flows, 25.6s  [tor-ecn-reenabled]
[7/108] ok                   micro/perm_s4194304/reps_b32  1024 flows, 27.2s  [tor-ecn-reenabled]
[8/108] ok                   micro/perm_s8388608/ops  1024 flows, 54.5s  [tor-ecn-reenabled]
[9/108] ok                   micro/perm_s8388608/reps_b1  1024 flows, 54.3s  [tor-ecn-reenabled]
[10/108] ok                   micro/perm_s8388608/reps_b2  1024 flows, 60.4s  [tor-ecn-reenabled]
[11/108] ok                   micro/perm_s8388608/reps_b4  1024 flows, 51.6s  [tor-ecn-reenabled]
[12/108] ok                   micro/perm_s8388608/reps_b8  1024 flows, 54.9s  [tor-ecn-reenabled]
[13/108] ok                   micro/perm_s8388608/reps_b16  1024 flows, 53.5s  [tor-ecn-reenabled]
[14/108] ok                   micro/perm_s8388608/reps_b32  1024 flows, 53.2s  [tor-ecn-reenabled]
[15/108] ok                   micro/perm_s16777216/ops  1024 flows, 113.7s  [tor-ecn-reenabled]
[16/108] ok                   micro/perm_s16777216/reps_b1  1024 flows, 114.5s  [tor-ecn-reenabled]
[17/108] ok                   micro/perm_s16777216/reps_b2  1024 flows, 109.5s  [tor-ecn-reenabled]
[18/108] ok                   micro/perm_s16777216/reps_b4  1024 flows, 111.1s  [tor-ecn-reenabled]
[19/108] ok                   micro/perm_s16777216/reps_b8  1024 flows, 109.1s  [tor-ecn-reenabled]
[20/108] ok                   micro/perm_s16777216/reps_b16  1024 flows, 111.0s  [tor-ecn-reenabled]
[21/108] ok                   micro/perm_s16777216/reps_b32  1024 flows, 110.8s  [tor-ecn-reenabled]
[22/108] ok                   micro/tornado_s4194304/ops  1024 flows, 27.6s  [tor-ecn-reenabled]
[23/108] ok                   micro/tornado_s4194304/reps_b1  1024 flows, 26.9s  [tor-ecn-reenabled]
[24/108] ok                   micro/tornado_s4194304/reps_b2  1024 flows, 24.3s  [tor-ecn-reenabled]
[25/108] ok                   micro/tornado_s4194304/reps_b4  1024 flows, 25.2s  [tor-ecn-reenabled]
[26/108] ok                   micro/tornado_s4194304/reps_b8  1024 flows, 26.2s  [tor-ecn-reenabled]
[27/108] ok                   micro/tornado_s4194304/reps_b16  1024 flows, 25.6s  [tor-ecn-reenabled]
[28/108] ok                   micro/tornado_s4194304/reps_b32  1024 flows, 26.7s  [tor-ecn-reenabled]
[29/108] ok                   micro/tornado_s8388608/ops  1024 flows, 53.2s  [tor-ecn-reenabled]
[30/108] ok                   micro/tornado_s8388608/reps_b1  1024 flows, 55.4s  [tor-ecn-reenabled]
[31/108] ok                   micro/tornado_s8388608/reps_b2  1024 flows, 51.7s  [tor-ecn-reenabled]
[32/108] ok                   micro/tornado_s8388608/reps_b4  1024 flows, 47.5s  [tor-ecn-reenabled]
[33/108] ok                   micro/tornado_s8388608/reps_b8  1024 flows, 46.9s  [tor-ecn-reenabled]
[34/108] ok                   micro/tornado_s8388608/reps_b16  1024 flows, 47.2s  [tor-ecn-reenabled]
[35/108] ok                   micro/tornado_s8388608/reps_b32  1024 flows, 47.1s  [tor-ecn-reenabled]
[36/108] ok                   micro/tornado_s16777216/ops  1024 flows, 99.3s  [tor-ecn-reenabled]
[37/108] ok                   micro/tornado_s16777216/reps_b1  1024 flows, 97.5s  [tor-ecn-reenabled]
[38/108] ok                   micro/tornado_s16777216/reps_b2  1024 flows, 96.8s  [tor-ecn-reenabled]
[39/108] ok                   micro/tornado_s16777216/reps_b4  1024 flows, 100.4s  [tor-ecn-reenabled]
[40/108] ok                   micro/tornado_s16777216/reps_b8  1024 flows, 102.9s  [tor-ecn-reenabled]
[41/108] ok                   micro/tornado_s16777216/reps_b16  1024 flows, 106.8s  [tor-ecn-reenabled]
[42/108] ok                   micro/tornado_s16777216/reps_b32  1024 flows, 110.0s  [tor-ecn-reenabled]
[43/108] ok                   micro/incast_s4194304/ops  8 flows, 0.2s  [tor-ecn-reenabled]
[44/108] ok                   micro/incast_s4194304/reps_b1  8 flows, 0.2s  [tor-ecn-reenabled]
[45/108] ok                   micro/incast_s4194304/reps_b2  8 flows, 0.2s  [tor-ecn-reenabled]
[46/108] ok                   micro/incast_s4194304/reps_b4  8 flows, 0.2s  [tor-ecn-reenabled]
[47/108] ok                   micro/incast_s4194304/reps_b8  8 flows, 0.2s  [tor-ecn-reenabled]
[48/108] ok                   micro/incast_s4194304/reps_b16  8 flows, 0.2s  [tor-ecn-reenabled]
[49/108] ok                   micro/incast_s4194304/reps_b32  8 flows, 0.2s  [tor-ecn-reenabled]
[50/108] ok                   micro/incast_s8388608/ops  8 flows, 0.2s  [tor-ecn-reenabled]
[51/108] ok                   micro/incast_s8388608/reps_b1  8 flows, 0.2s  [tor-ecn-reenabled]
[52/108] ok                   micro/incast_s8388608/reps_b2  8 flows, 0.2s  [tor-ecn-reenabled]
[53/108] ok                   micro/incast_s8388608/reps_b4  8 flows, 0.3s  [tor-ecn-reenabled]
[54/108] ok                   micro/incast_s8388608/reps_b8  8 flows, 0.2s  [tor-ecn-reenabled]
[55/108] ok                   micro/incast_s8388608/reps_b16  8 flows, 0.2s  [tor-ecn-reenabled]
[56/108] ok                   micro/incast_s8388608/reps_b32  8 flows, 0.2s  [tor-ecn-reenabled]
[57/108] ok                   micro/incast_s16777216/ops  8 flows, 0.3s  [tor-ecn-reenabled]
[58/108] ok                   micro/incast_s16777216/reps_b1  8 flows, 0.3s  [tor-ecn-reenabled]
[59/108] ok                   micro/incast_s16777216/reps_b2  8 flows, 0.3s  [tor-ecn-reenabled]
[60/108] ok                   micro/incast_s16777216/reps_b4  8 flows, 0.3s  [tor-ecn-reenabled]
[61/108] ok                   micro/incast_s16777216/reps_b8  8 flows, 0.3s  [tor-ecn-reenabled]
[62/108] ok                   micro/incast_s16777216/reps_b16  8 flows, 0.3s  [tor-ecn-reenabled]
[63/108] ok                   micro/incast_s16777216/reps_b32  8 flows, 0.3s  [tor-ecn-reenabled]
[64/108] ok                   dc/40load_ae/ops  836 flows, 3.8s  [tor-ecn-reenabled]
[65/108] ok                   dc/40load_ae/reps_b1  836 flows, 3.9s  [tor-ecn-reenabled]
[66/108] ok                   dc/40load_ae/reps_b2  836 flows, 3.9s  [tor-ecn-reenabled]
[67/108] ok                   dc/40load_ae/reps_b4  836 flows, 3.9s  [tor-ecn-reenabled]
[68/108] ok                   dc/40load_ae/reps_b8  836 flows, 3.9s  [tor-ecn-reenabled]
[69/108] ok                   dc/60load_ae/ops  1126 flows, 5.8s  [tor-ecn-reenabled]
[70/108] ok                   dc/60load_ae/reps_b1  1126 flows, 6.2s  [tor-ecn-reenabled]
[71/108] ok                   dc/60load_ae/reps_b2  1126 flows, 7.4s  [tor-ecn-reenabled]
[72/108] ok                   dc/60load_ae/reps_b4  1126 flows, 7.1s  [tor-ecn-reenabled]
[73/108] ok                   dc/60load_ae/reps_b8  1126 flows, 6.5s  [tor-ecn-reenabled]
[74/108] ok                   dc/80load_ae/ops  1585 flows, 9.2s  [tor-ecn-reenabled]
[75/108] ok                   dc/80load_ae/reps_b1  1585 flows, 8.4s  [tor-ecn-reenabled]
[76/108] ok                   dc/80load_ae/reps_b2  1585 flows, 7.6s  [tor-ecn-reenabled]
[77/108] ok                   dc/80load_ae/reps_b4  1585 flows, 7.3s  [tor-ecn-reenabled]
[78/108] ok                   dc/80load_ae/reps_b8  1585 flows, 7.1s  [tor-ecn-reenabled]
[79/108] ok                   dc/100load_ae/ops  2138 flows, 10.2s  [tor-ecn-reenabled]
[80/108] ok                   dc/100load_ae/reps_b1  2138 flows, 9.9s  [tor-ecn-reenabled]
[81/108] ok                   dc/100load_ae/reps_b2  2138 flows, 10.3s  [tor-ecn-reenabled]
[82/108] ok                   dc/100load_ae/reps_b4  2138 flows, 11.1s  [tor-ecn-reenabled]
[83/108] ok                   dc/100load_ae/reps_b8  2138 flows, 10.8s  [tor-ecn-reenabled]
[84/108] ok                   ai/alltoall4/ops  992 flows, 3.6s  [tor-ecn-reenabled]
[85/108] ok                   ai/alltoall4/reps_b1  992 flows, 3.6s  [tor-ecn-reenabled]
[86/108] ok                   ai/alltoall4/reps_b2  992 flows, 3.9s  [tor-ecn-reenabled]
[87/108] ok                   ai/alltoall4/reps_b4  992 flows, 4.0s  [tor-ecn-reenabled]
[88/108] ok                   ai/alltoall4/reps_b8  992 flows, 4.1s  [tor-ecn-reenabled]
[89/108] ok                   ai/alltoall8/ops  992 flows, 4.0s  [tor-ecn-reenabled]
[90/108] ok                   ai/alltoall8/reps_b1  992 flows, 3.6s  [tor-ecn-reenabled]
[91/108] ok                   ai/alltoall8/reps_b2  992 flows, 3.7s  [tor-ecn-reenabled]
[92/108] ok                   ai/alltoall8/reps_b4  992 flows, 3.4s  [tor-ecn-reenabled]
[93/108] ok                   ai/alltoall8/reps_b8  992 flows, 3.4s  [tor-ecn-reenabled]
[94/108] ok                   ai/alltoall16/ops  992 flows, 3.3s  [tor-ecn-reenabled]
[95/108] ok                   ai/alltoall16/reps_b1  992 flows, 3.7s  [tor-ecn-reenabled]
[96/108] ok                   ai/alltoall16/reps_b2  992 flows, 3.3s  [tor-ecn-reenabled]
[97/108] ok                   ai/alltoall16/reps_b4  992 flows, 3.7s  [tor-ecn-reenabled]
[98/108] ok                   ai/alltoall16/reps_b8  992 flows, 3.4s  [tor-ecn-reenabled]
[99/108] ok                   ai/allreduce/ops  496 flows, 2.6s  [tor-ecn-reenabled]
[100/108] ok                   ai/allreduce/reps_b1  496 flows, 2.6s  [tor-ecn-reenabled]
[101/108] ok                   ai/allreduce/reps_b2  496 flows, 2.4s  [tor-ecn-reenabled]
[102/108] ok                   ai/allreduce/reps_b4  496 flows, 2.4s  [tor-ecn-reenabled]
[103/108] ok                   ai/allreduce/reps_b8  496 flows, 2.5s  [tor-ecn-reenabled]
[104/108] ok                   ai/allreduce_t/ops  160 flows, 2.9s  [tor-ecn-reenabled]
[105/108] ok                   ai/allreduce_t/reps_b1  160 flows, 2.9s  [tor-ecn-reenabled]
[106/108] ok                   ai/allreduce_t/reps_b2  160 flows, 2.8s  [tor-ecn-reenabled]
[107/108] ok                   ai/allreduce_t/reps_b4  160 flows, 3.0s  [tor-ecn-reenabled]
[108/108] ok                   ai/allreduce_t/reps_b8  160 flows, 2.8s  [tor-ecn-reenabled]

fig2 done: 0 failures / 108
