fig4: 90 runs  (panels=['micro', 'dc', 'ai'])
[1/90] ok                   micro/perm_s4194304/ops  128 flows, 1.2s  [tor-ecn-reenabled]
[2/90] ok                   micro/perm_s4194304/reps_b1  128 flows, 1.1s  [tor-ecn-reenabled]
[3/90] ok                   micro/perm_s4194304/reps_b2  128 flows, 1.1s  [tor-ecn-reenabled]
[4/90] ok                   micro/perm_s4194304/reps_b4  128 flows, 1.1s  [tor-ecn-reenabled]
[5/90] ok                   micro/perm_s4194304/reps_b8  128 flows, 1.1s  [tor-ecn-reenabled]
[6/90] ok                   micro/perm_s8388608/ops  128 flows, 2.4s  [tor-ecn-reenabled]
[7/90] ok                   micro/perm_s8388608/reps_b1  128 flows, 2.9s  [tor-ecn-reenabled]
[8/90] ok                   micro/perm_s8388608/reps_b2  128 flows, 2.4s  [tor-ecn-reenabled]
[9/90] ok                   micro/perm_s8388608/reps_b4  128 flows, 2.2s  [tor-ecn-reenabled]
[10/90] ok                   micro/perm_s8388608/reps_b8  128 flows, 2.5s  [tor-ecn-reenabled]
[11/90] ok                   micro/perm_s16777216/ops  128 flows, 5.3s  [tor-ecn-reenabled]
[12/90] ok                   micro/perm_s16777216/reps_b1  128 flows, 4.7s  [tor-ecn-reenabled]
[13/90] ok                   micro/perm_s16777216/reps_b2  128 flows, 5.4s  [tor-ecn-reenabled]
[14/90] ok                   micro/perm_s16777216/reps_b4  128 flows, 4.7s  [tor-ecn-reenabled]
[15/90] ok                   micro/perm_s16777216/reps_b8  128 flows, 4.5s  [tor-ecn-reenabled]
[16/90] ok                   micro/tornado_s4194304/ops  128 flows, 1.1s  [tor-ecn-reenabled]
[17/90] ok                   micro/tornado_s4194304/reps_b1  128 flows, 1.3s  [tor-ecn-reenabled]
[18/90] ok                   micro/tornado_s4194304/reps_b2  128 flows, 1.6s  [tor-ecn-reenabled]
[19/90] ok                   micro/tornado_s4194304/reps_b4  128 flows, 1.1s  [tor-ecn-reenabled]
[20/90] ok                   micro/tornado_s4194304/reps_b8  128 flows, 1.3s  [tor-ecn-reenabled]
[21/90] ok                   micro/tornado_s8388608/ops  128 flows, 3.2s  [tor-ecn-reenabled]
[22/90] ok                   micro/tornado_s8388608/reps_b1  128 flows, 2.8s  [tor-ecn-reenabled]
[23/90] ok                   micro/tornado_s8388608/reps_b2  128 flows, 2.1s  [tor-ecn-reenabled]
[24/90] ok                   micro/tornado_s8388608/reps_b4  128 flows, 1.9s  [tor-ecn-reenabled]
[25/90] ok                   micro/tornado_s8388608/reps_b8  128 flows, 2.2s  [tor-ecn-reenabled]
[26/90] ok                   micro/tornado_s16777216/ops  128 flows, 4.0s  [tor-ecn-reenabled]
[27/90] ok                   micro/tornado_s16777216/reps_b1  128 flows, 4.2s  [tor-ecn-reenabled]
[28/90] ok                   micro/tornado_s16777216/reps_b2  128 flows, 4.1s  [tor-ecn-reenabled]
[29/90] ok                   micro/tornado_s16777216/reps_b4  128 flows, 4.6s  [tor-ecn-reenabled]
[30/90] ok                   micro/tornado_s16777216/reps_b8  128 flows, 5.2s  [tor-ecn-reenabled]
[31/90] ok                   micro/incast_s4194304/ops  8 flows, 0.1s  [tor-ecn-reenabled]
[32/90] ok                   micro/incast_s4194304/reps_b1  8 flows, 0.1s  [tor-ecn-reenabled]
[33/90] ok                   micro/incast_s4194304/reps_b2  8 flows, 0.1s  [tor-ecn-reenabled]
[34/90] ok                   micro/incast_s4194304/reps_b4  8 flows, 0.1s  [tor-ecn-reenabled]
[35/90] ok                   micro/incast_s4194304/reps_b8  8 flows, 0.1s  [tor-ecn-reenabled]
[36/90] ok                   micro/incast_s8388608/ops  8 flows, 0.1s  [tor-ecn-reenabled]
[37/90] ok                   micro/incast_s8388608/reps_b1  8 flows, 0.1s  [tor-ecn-reenabled]
[38/90] ok                   micro/incast_s8388608/reps_b2  8 flows, 0.1s  [tor-ecn-reenabled]
[39/90] ok                   micro/incast_s8388608/reps_b4  8 flows, 0.1s  [tor-ecn-reenabled]
[40/90] ok                   micro/incast_s8388608/reps_b8  8 flows, 0.1s  [tor-ecn-reenabled]
[41/90] ok                   micro/incast_s16777216/ops  8 flows, 0.3s  [tor-ecn-reenabled]
[42/90] ok                   micro/incast_s16777216/reps_b1  8 flows, 0.2s  [tor-ecn-reenabled]
[43/90] ok                   micro/incast_s16777216/reps_b2  8 flows, 0.2s  [tor-ecn-reenabled]
[44/90] ok                   micro/incast_s16777216/reps_b4  8 flows, 0.2s  [tor-ecn-reenabled]
[45/90] ok                   micro/incast_s16777216/reps_b8  8 flows, 0.2s  [tor-ecn-reenabled]
[46/90] ok                   dc/40load_ae/ops  836 flows, 3.6s  [tor-ecn-reenabled]
[47/90] ok                   dc/40load_ae/reps_b1  836 flows, 3.6s  [tor-ecn-reenabled]
[48/90] ok                   dc/40load_ae/reps_b2  836 flows, 3.6s  [tor-ecn-reenabled]
[49/90] ok                   dc/40load_ae/reps_b4  836 flows, 3.7s  [tor-ecn-reenabled]
[50/90] ok                   dc/40load_ae/reps_b8  836 flows, 3.5s  [tor-ecn-reenabled]
[51/90] ok                   dc/60load_ae/ops  1126 flows, 5.0s  [tor-ecn-reenabled]
[52/90] ok                   dc/60load_ae/reps_b1  1126 flows, 6.1s  [tor-ecn-reenabled]
[53/90] ok                   dc/60load_ae/reps_b2  1126 flows, 5.2s  [tor-ecn-reenabled]
[54/90] ok                   dc/60load_ae/reps_b4  1126 flows, 5.4s  [tor-ecn-reenabled]
[55/90] ok                   dc/60load_ae/reps_b8  1126 flows, 5.2s  [tor-ecn-reenabled]
[56/90] ok                   dc/80load_ae/ops  1585 flows, 7.9s  [tor-ecn-reenabled]
[57/90] ok                   dc/80load_ae/reps_b1  1585 flows, 8.0s  [tor-ecn-reenabled]
[58/90] ok                   dc/80load_ae/reps_b2  1585 flows, 8.6s  [tor-ecn-reenabled]
[59/90] ok                   dc/80load_ae/reps_b4  1585 flows, 8.2s  [tor-ecn-reenabled]
[60/90] ok                   dc/80load_ae/reps_b8  1585 flows, 8.0s  [tor-ecn-reenabled]
[61/90] ok                   dc/100load_ae/ops  2138 flows, 12.2s  [tor-ecn-reenabled]
[62/90] ok                   dc/100load_ae/reps_b1  2138 flows, 12.7s  [tor-ecn-reenabled]
[63/90] ok                   dc/100load_ae/reps_b2  2138 flows, 12.3s  [tor-ecn-reenabled]
[64/90] ok                   dc/100load_ae/reps_b4  2138 flows, 11.6s  [tor-ecn-reenabled]
[65/90] ok                   dc/100load_ae/reps_b8  2138 flows, 10.8s  [tor-ecn-reenabled]
[66/90] ok                   ai/alltoall4/ops  992 flows, 3.5s  [tor-ecn-reenabled]
[67/90] ok                   ai/alltoall4/reps_b1  992 flows, 3.1s  [tor-ecn-reenabled]
[68/90] ok                   ai/alltoall4/reps_b2  992 flows, 3.2s  [tor-ecn-reenabled]
[69/90] ok                   ai/alltoall4/reps_b4  992 flows, 4.0s  [tor-ecn-reenabled]
[70/90] ok                   ai/alltoall4/reps_b8  992 flows, 3.1s  [tor-ecn-reenabled]
[71/90] ok                   ai/alltoall8/ops  992 flows, 3.1s  [tor-ecn-reenabled]
[72/90] ok                   ai/alltoall8/reps_b1  992 flows, 3.5s  [tor-ecn-reenabled]
[73/90] ok                   ai/alltoall8/reps_b2  992 flows, 3.4s  [tor-ecn-reenabled]
[74/90] ok                   ai/alltoall8/reps_b4  992 flows, 3.1s  [tor-ecn-reenabled]
[75/90] ok                   ai/alltoall8/reps_b8  992 flows, 3.3s  [tor-ecn-reenabled]
[76/90] ok                   ai/alltoall16/ops  992 flows, 3.5s  [tor-ecn-reenabled]
[77/90] ok                   ai/alltoall16/reps_b1  992 flows, 4.2s  [tor-ecn-reenabled]
[78/90] ok                   ai/alltoall16/reps_b2  992 flows, 4.5s  [tor-ecn-reenabled]
[79/90] ok                   ai/alltoall16/reps_b4  992 flows, 3.5s  [tor-ecn-reenabled]
[80/90] ok                   ai/alltoall16/reps_b8  992 flows, 3.7s  [tor-ecn-reenabled]
[81/90] ok                   ai/allreduce/ops  496 flows, 2.7s  [tor-ecn-reenabled]
[82/90] ok                   ai/allreduce/reps_b1  496 flows, 2.6s  [tor-ecn-reenabled]
[83/90] ok                   ai/allreduce/reps_b2  496 flows, 2.7s  [tor-ecn-reenabled]
[84/90] ok                   ai/allreduce/reps_b4  496 flows, 2.9s  [tor-ecn-reenabled]
[85/90] ok                   ai/allreduce/reps_b8  496 flows, 2.7s  [tor-ecn-reenabled]
[86/90] ok                   ai/allreduce_t/ops  160 flows, 3.1s  [tor-ecn-reenabled]
[87/90] ok                   ai/allreduce_t/reps_b1  160 flows, 3.4s  [tor-ecn-reenabled]
[88/90] ok                   ai/allreduce_t/reps_b2  160 flows, 4.5s  [tor-ecn-reenabled]
[89/90] ok                   ai/allreduce_t/reps_b4  160 flows, 3.9s  [tor-ecn-reenabled]
[90/90] ok                   ai/allreduce_t/reps_b8  160 flows, 3.6s  [tor-ecn-reenabled]

fig4 done: 0 failures / 90
