/bin/sh: 1: python: not found
/bin/sh: 1: python: not found
/bin/sh: 1: python: not found
/bin/sh: 1: python: not found
/bin/sh: 1: python: not found
/bin/sh: 1: python: not found
/bin/sh: 1: python: not found
/bin/sh: 1: python: not found
/bin/sh: 1: python: not found
Synthetic No Trimming Done
DC Gen Done
DC No Trimming Done
Collective Gen Done
Collectives No Trimming Done
/bin/sh: 1: python: not found
/bin/sh: 1: python: not found
/bin/sh: 1: python: not found
/bin/sh: 1: python: not found
/bin/sh: 1: python: not found
/bin/sh: 1: python: not found
/bin/sh: 1: python: not found
/bin/sh: 1: python: not found
/bin/sh: 1: python: not found
Synthetic No Trimming Done
DC Gen Done
DC No Trimming Done
Collective Gen Done
Collectives No Trimming Done
/bin/sh: 1: python: not found
/bin/sh: 1: python: not found
/bin/sh: 1: python: not found
/bin/sh: 1: python: not found
/bin/sh: 1: python: not found
/bin/sh: 1: python: not found
/bin/sh: 1: python: not found
/bin/sh: 1: python: not found
/bin/sh: 1: python: not found
/bin/sh: 1: python: not found
/bin/sh: 1: python: not found
/bin/sh: 1: python: not found
/bin/sh: 1: python: not found
/bin/sh: 1: python: not found
/bin/sh: 1: python: not found
/bin/sh: 1: python: not found
/bin/sh: 1: python: not found
/bin/sh: 1: python: not found
Synthetic No Trimming Done
DC No Trimming Done
DC No Trimming Done
